// Jest Snapshot v1, https://goo.gl/fbAQLP

exports[`E2E Simple with plugin should return the expected en chunk 1`] = `
""use strict";
(self["webpackChunk_vocab_private_monorepo"] = self["webpackChunk_vocab_private_monorepo"] || []).push([["translations-en"],{

/***/ "./fixtures/simple/src/.vocab/translations-en-virtual.json!=!./packages/virtual-resource-loader/dist/virtual-resource-loader.cjs.js?source=eyJoZWxsbyI6IkhlbGxvIiwid29ybGQiOiJ3b3JsZCJ9!":
/*!***********************************************************************************************************************************************************************************************!*\\
  !*** ./fixtures/simple/src/.vocab/translations-en-virtual.json!=!./packages/virtual-resource-loader/dist/virtual-resource-loader.cjs.js?source=eyJoZWxsbyI6IkhlbGxvIiwid29ybGQiOiJ3b3JsZCJ9! ***!
  \\***********************************************************************************************************************************************************************************************/
/***/ ((module) => {

module.exports = JSON.parse('{"hello":"Hello","world":"world"}');

/***/ }),

/***/ "./fixtures/simple/src/client.vocab/translations-en-virtual.json!=!./packages/virtual-resource-loader/dist/virtual-resource-loader.cjs.js?source=eyJzcGVjaWFsQ2hhcmFjdGVycyAtICfigJjigJnigJzigJ1cIiFAIyQlXiYqKClfK1xcL2B+XFxcXCI6IuKAmOKAmeKAnOKAnSdcIiFAIyQlXiYqKClfK1xcL2B+XFxcXCIsInZvY2FiUHVibGlzaERhdGUiOiI8c3Ryb25nPlZvY2FiPC9zdHJvbmc+IHdhcyBwdWJsaXNoZWQgb24ge3B1Ymxpc2hEYXRlLCBkYXRlLCBzbWFsbH0ifQ==!":
/*!*********************************************************************************************************************************************************************************************************************************************************************************************************************************************************************************************************************!*\\
  !*** ./fixtures/simple/src/client.vocab/translations-en-virtual.json!=!./packages/virtual-resource-loader/dist/virtual-resource-loader.cjs.js?source=eyJzcGVjaWFsQ2hhcmFjdGVycyAtICfigJjigJnigJzigJ1cIiFAIyQlXiYqKClfK1xcL2B+XFxcXCI6IuKAmOKAmeKAnOKAnSdcIiFAIyQlXiYqKClfK1xcL2B+XFxcXCIsInZvY2FiUHVibGlzaERhdGUiOiI8c3Ryb25nPlZvY2FiPC9zdHJvbmc+IHdhcyBwdWJsaXNoZWQgb24ge3B1Ymxpc2hEYXRlLCBkYXRlLCBzbWFsbH0ifQ==! ***!
  \\*********************************************************************************************************************************************************************************************************************************************************************************************************************************************************************************************************************/
/***/ ((module) => {

module.exports = JSON.parse('{"specialCharacters - \\'‘’“”\\\\"!@#$%^&*()_+\\\\\\\\/\`~\\\\\\\\\\\\\\\\":"‘’“”\\'\\\\"!@#$%^&*()_+\\\\\\\\/\`~\\\\\\\\\\\\\\\\","vocabPublishDate":"<strong>Vocab</strong> was published on {publishDate, date, small}"}');

/***/ })

}]);"
`;

exports[`E2E Simple with plugin should return the expected fr chunk 1`] = `
""use strict";
(self["webpackChunk_vocab_private_monorepo"] = self["webpackChunk_vocab_private_monorepo"] || []).push([["translations-fr"],{

/***/ "./fixtures/simple/src/.vocab/translations-fr-virtual.json!=!./packages/virtual-resource-loader/dist/virtual-resource-loader.cjs.js?source=eyJoZWxsbyI6IkJvbmpvdXIiLCJ3b3JsZCI6Im1vbmRlIn0=!":
/*!***************************************************************************************************************************************************************************************************!*\\
  !*** ./fixtures/simple/src/.vocab/translations-fr-virtual.json!=!./packages/virtual-resource-loader/dist/virtual-resource-loader.cjs.js?source=eyJoZWxsbyI6IkJvbmpvdXIiLCJ3b3JsZCI6Im1vbmRlIn0=! ***!
  \\***************************************************************************************************************************************************************************************************/
/***/ ((module) => {

module.exports = JSON.parse('{"hello":"Bonjour","world":"monde"}');

/***/ }),

/***/ "./fixtures/simple/src/client.vocab/translations-fr-virtual.json!=!./packages/virtual-resource-loader/dist/virtual-resource-loader.cjs.js?source=eyJzcGVjaWFsQ2hhcmFjdGVycyAtICfigJjigJnigJzigJ1cIiFAIyQlXiYqKClfK1xcL2B+XFxcXCI6IuKAmOKAmeKAnOKAnSdcIiFAIyQlXiYqKClfK1xcL2B+XFxcXCIsInZvY2FiUHVibGlzaERhdGUiOiJWb2NhYiBhIMOpdMOpIHB1Ymxpw6kgbGUge3B1Ymxpc2hEYXRlLCBkYXRlLCBtZWRpdW19In0=!":
/*!*************************************************************************************************************************************************************************************************************************************************************************************************************************************************************************************************!*\\
  !*** ./fixtures/simple/src/client.vocab/translations-fr-virtual.json!=!./packages/virtual-resource-loader/dist/virtual-resource-loader.cjs.js?source=eyJzcGVjaWFsQ2hhcmFjdGVycyAtICfigJjigJnigJzigJ1cIiFAIyQlXiYqKClfK1xcL2B+XFxcXCI6IuKAmOKAmeKAnOKAnSdcIiFAIyQlXiYqKClfK1xcL2B+XFxcXCIsInZvY2FiUHVibGlzaERhdGUiOiJWb2NhYiBhIMOpdMOpIHB1Ymxpw6kgbGUge3B1Ymxpc2hEYXRlLCBkYXRlLCBtZWRpdW19In0=! ***!
  \\*************************************************************************************************************************************************************************************************************************************************************************************************************************************************************************************************/
/***/ ((module) => {

module.exports = JSON.parse('{"specialCharacters - \\'‘’“”\\\\"!@#$%^&*()_+\\\\\\\\/\`~\\\\\\\\\\\\\\\\":"‘’“”\\'\\\\"!@#$%^&*()_+\\\\\\\\/\`~\\\\\\\\\\\\\\\\","vocabPublishDate":"Vocab a été publié le {publishDate, date, medium}"}');

/***/ })

}]);"
`;

exports[`E2E Simple with plugin should return the expected pseudo chunk 1`] = `
""use strict";
(self["webpackChunk_vocab_private_monorepo"] = self["webpackChunk_vocab_private_monorepo"] || []).push([["translations-pseudo"],{

/***/ "./fixtures/simple/src/.vocab/translations-pseudo-virtual.json!=!./packages/virtual-resource-loader/dist/virtual-resource-loader.cjs.js?source=eyJoZWxsbyI6IlvhuKjhur3hur3Gmsaaw7bDtl0iLCJ3b3JsZCI6IlvFtcO2w7bDtsWZxprGjF0ifQ==!":
/*!***************************************************************************************************************************************************************************************************************************************!*\\
  !*** ./fixtures/simple/src/.vocab/translations-pseudo-virtual.json!=!./packages/virtual-resource-loader/dist/virtual-resource-loader.cjs.js?source=eyJoZWxsbyI6IlvhuKjhur3hur3Gmsaaw7bDtl0iLCJ3b3JsZCI6IlvFtcO2w7bDtsWZxprGjF0ifQ==! ***!
  \\***************************************************************************************************************************************************************************************************************************************/
/***/ ((module) => {

module.exports = JSON.parse('{"hello":"[Ḩẽẽƚƚöö]","world":"[ŵöööřƚƌ]"}');

/***/ }),

/***/ "./fixtures/simple/src/client.vocab/translations-pseudo-virtual.json!=!./packages/virtual-resource-loader/dist/virtual-resource-loader.cjs.js?source=eyJzcGVjaWFsQ2hhcmFjdGVycyAtICfigJjigJnigJzigJ1cIiFAIyQlXiYqKClfK1xcL2B+XFxcXCI6IlvigJjigJnigJzigJ0nXCIhQCMkJV4mKigpXytcXC9gflxcXFxdIiwidm9jYWJQdWJsaXNoRGF0ZSI6Ils8c3Ryb25nPuG5vMO2w7bDp8SDxIPDnzwvc3Ryb25nPiDFtcSDxIPEg8WhIMalx5rHmseaw5/GmsOsw6zDrMWh4bip4bq94bq94bq9xowgw7bDtsO24LiB4Li14LmJIHtwdWJsaXNoRGF0ZSwgZGF0ZSwgc21hbGx9XSJ9!":
/*!*****************************************************************************************************************************************************************************************************************************************************************************************************************************************************************************************************************************************************************************************************!*\\
  !*** ./fixtures/simple/src/client.vocab/translations-pseudo-virtual.json!=!./packages/virtual-resource-loader/dist/virtual-resource-loader.cjs.js?source=eyJzcGVjaWFsQ2hhcmFjdGVycyAtICfigJjigJnigJzigJ1cIiFAIyQlXiYqKClfK1xcL2B+XFxcXCI6IlvigJjigJnigJzigJ0nXCIhQCMkJV4mKigpXytcXC9gflxcXFxdIiwidm9jYWJQdWJsaXNoRGF0ZSI6Ils8c3Ryb25nPuG5vMO2w7bDp8SDxIPDnzwvc3Ryb25nPiDFtcSDxIPEg8WhIMalx5rHmseaw5/GmsOsw6zDrMWh4bip4bq94bq94bq9xowgw7bDtsO24LiB4Li14LmJIHtwdWJsaXNoRGF0ZSwgZGF0ZSwgc21hbGx9XSJ9! ***!
  \\*****************************************************************************************************************************************************************************************************************************************************************************************************************************************************************************************************************************************************************************************************/
/***/ ((module) => {

module.exports = JSON.parse('{"specialCharacters - \\'‘’“”\\\\"!@#$%^&*()_+\\\\\\\\/\`~\\\\\\\\\\\\\\\\":"[‘’“”\\'\\\\"!@#$%^&*()_+\\\\\\\\/\`~\\\\\\\\\\\\\\\\]","vocabPublishDate":"[<strong>Ṽööçăăß</strong> ŵăăăš ƥǚǚǚßƚìììšḩẽẽẽƌ öööกี้ {publishDate, date, small}]"}');

/***/ })

}]);"
`;
